2026-09-19 13:41:54 [ERROR] Wait failed for locator('.card-body'). Error: locator.waitFor: selector: expected string, got object
2026-09-19 13:41:58 [ERROR] Wait failed for locator('.card-body'). Error: locator.waitFor: selector: expected string, got object
2026-09-19 13:44:05 [ERROR] Wait failed for locator('.card-body'). Error: locator.waitFor: selector: expected string, got object
2026-09-19 13:44:09 [ERROR] Wait failed for locator('.card-body'). Error: locator.waitFor: selector: expected string, got object
2026-09-19 13:45:04 [ERROR] Wait failed for .card-body. Error: locator.waitFor: Error: strict mode violation: locator('.card-body') resolved to 8 elements:
    1) <div class="card-body" _ngcontent-bfy-c34="">…</div> aka getByText('ADIDAS ORIGINAL$ 11500 View')
    2) <div class="card-body" _ngcontent-bfy-c34="">…</div> aka getByText('ZARA COAT 3$ 11500 View Add')
    3) <div class="card-body" _ngcontent-bfy-c34="">…</div> aka getByText('iphone 13 pro$ 55000 View Add')
    4) <div class="card-body" _ngcontent-bfy-c34="">…</div> aka getByText('car$ 150000 View Add To Cart')
    5) <div class="card-body" _ngcontent-bfy-c34="">…</div> aka getByText('iPhone QA Max$ 98765 View Add')
    6) <div class="card-body" _ngcontent-bfy-c34="">…</div> aka getByText('{{productName}}$ 115000 View')
    7) <div class="card-body" _ngcontent-bfy-c34="">…</div> aka getByText('Laptop$ 11500 View Add To Cart').first()
    8) <div class="card-body" _ngcontent-bfy-c34="">…</div> aka getByText('Laptop$ 11500 View Add To Cart').nth(1)

Call log:
[2m  - waiting for locator('.card-body') to be visible[22m

2026-09-19 13:45:08 [ERROR] Wait failed for .card-body. Error: locator.waitFor: Error: strict mode violation: locator('.card-body') resolved to 8 elements:
    1) <div class="card-body" _ngcontent-ngd-c34="">…</div> aka getByText('ADIDAS ORIGINAL$ 11500 View')
    2) <div class="card-body" _ngcontent-ngd-c34="">…</div> aka getByText('ZARA COAT 3$ 11500 View Add')
    3) <div class="card-body" _ngcontent-ngd-c34="">…</div> aka getByText('iphone 13 pro$ 55000 View Add')
    4) <div class="card-body" _ngcontent-ngd-c34="">…</div> aka getByText('car$ 150000 View Add To Cart')
    5) <div class="card-body" _ngcontent-ngd-c34="">…</div> aka getByText('iPhone QA Max$ 98765 View Add')
    6) <div class="card-body" _ngcontent-ngd-c34="">…</div> aka getByText('{{productName}}$ 115000 View')
    7) <div class="card-body" _ngcontent-ngd-c34="">…</div> aka getByText('Laptop$ 11500 View Add To Cart').first()
    8) <div class="card-body" _ngcontent-ngd-c34="">…</div> aka getByText('Laptop$ 11500 View Add To Cart').nth(1)

Call log:
[2m  - waiting for locator('.card-body') to be visible[22m

